
> singsinggolf@0.1.0 test:e2e
> playwright test tests/dashboard.spec.ts


Running 11 tests using 4 workers

[1A[2K[1/11] [chromium] › tests/dashboard.spec.ts:60:7 › 대시보드 테스트 › 투어 통계 카드 확인
[1A[2K[2/11] [chromium] › tests/dashboard.spec.ts:22:7 › 대시보드 테스트 › 대시보드 주요 내용 표시 확인
[1A[2K[3/11] [chromium] › tests/dashboard.spec.ts:33:7 › 대시보드 테스트 › 이번 달 통계 카드 확인
[1A[2K[4/11] [chromium] › tests/dashboard.spec.ts:73:7 › 대시보드 테스트 › 결제 통계 카드 확인
[1A[2K  1) [chromium] › tests/dashboard.spec.ts:22:7 › 대시보드 테스트 › 대시보드 주요 내용 표시 확인 ───────────────────────

    Error: [2mexpect([22m[31mlocator[39m[2m).[22mtoContainText[2m([22m[32mexpected[39m[2m)[22m failed

    Locator: locator('h1')
    Expected substring: [32m"싱싱골프투어 대시보드"[39m
    Timeout: 5000ms
    Error: element(s) not found

    Call log:
    [2m  - Expect "toContainText" with timeout 5000ms[22m
    [2m  - waiting for locator('h1')[22m


      25 |     
      26 |     // 페이지 제목 확인
    > 27 |     await expect(page.locator('h1')).toContainText('싱싱골프투어 대시보드');
         |                                      ^
      28 |     
      29 |     // 현재 시간 표시 확인
      30 |     await expect(page.locator('text=/\\d{4}년 \\d{1,2}월 \\d{1,2}일/')).toBeVisible();
        at /Users/prowhale/MASLABS/go2.singsinggolf.kr/tests/dashboard.spec.ts:27:38

    attachment #1: screenshot (image/png) ──────────────────────────────────────────────────────────
    test-results/dashboard-대시보드-테스트-대시보드-주요-내용-표시-확인-chromium/test-failed-1.png
    ────────────────────────────────────────────────────────────────────────────────────────────────

    Error Context: test-results/dashboard-대시보드-테스트-대시보드-주요-내용-표시-확인-chromium/error-context.md


[1A[2K  2) [chromium] › tests/dashboard.spec.ts:60:7 › 대시보드 테스트 › 투어 통계 카드 확인 ────────────────────────────

    Error: [2mexpect([22m[31mlocator[39m[2m).[22mtoBeVisible[2m([22m[2m)[22m failed

    Locator: locator('text=투어 통계')
    Expected: visible
    Timeout: 5000ms
    Error: element(s) not found

    Call log:
    [2m  - Expect "toBeVisible" with timeout 5000ms[22m
    [2m  - waiting for locator('text=투어 통계')[22m


      62 |     
      63 |     // 투어 통계 섹션 확인
    > 64 |     await expect(page.locator('text=투어 통계')).toBeVisible();
         |                                              ^
      65 |     
      66 |     // 완료된 투어 카드
      67 |     await expect(page.locator('text=완료된 투어')).toBeVisible();
        at /Users/prowhale/MASLABS/go2.singsinggolf.kr/tests/dashboard.spec.ts:64:46

    attachment #1: screenshot (image/png) ──────────────────────────────────────────────────────────
    test-results/dashboard-대시보드-테스트-투어-통계-카드-확인-chromium/test-failed-1.png
    ────────────────────────────────────────────────────────────────────────────────────────────────

    Error Context: test-results/dashboard-대시보드-테스트-투어-통계-카드-확인-chromium/error-context.md


[1A[2K[5/11] [chromium] › tests/dashboard.spec.ts:115:7 › 대시보드 테스트 › 미수금 및 수금률 카드 확인
[1A[2K[6/11] [chromium] › tests/dashboard.spec.ts:125:7 › 대시보드 테스트 › 월간/연간 전환 기능 확인
[1A[2K  3) [chromium] › tests/dashboard.spec.ts:33:7 › 대시보드 테스트 › 이번 달 통계 카드 확인 ──────────────────────────

    Error: [2mexpect([22m[31mlocator[39m[2m).[22mtoBeVisible[2m([22m[2m)[22m failed

    Locator: locator('text=이번 달 투어')
    Expected: visible
    Timeout: 10000ms
    Error: element(s) not found

    Call log:
    [2m  - Expect "toBeVisible" with timeout 10000ms[22m
    [2m  - waiting for locator('text=이번 달 투어')[22m


      46 |     
      47 |     // 이번 달 투어 카드
    > 48 |     await expect(page.locator('text=이번 달 투어')).toBeVisible({ timeout: 10000 });
         |                                                ^
      49 |     
      50 |     // 이번 달 참가자 카드
      51 |     await expect(page.locator('text=이번 달 참가자')).toBeVisible({ timeout: 10000 });
        at /Users/prowhale/MASLABS/go2.singsinggolf.kr/tests/dashboard.spec.ts:48:48

    attachment #1: screenshot (image/png) ──────────────────────────────────────────────────────────
    test-results/dashboard-대시보드-테스트-이번-달-통계-카드-확인-chromium/test-failed-1.png
    ────────────────────────────────────────────────────────────────────────────────────────────────

    Error Context: test-results/dashboard-대시보드-테스트-이번-달-통계-카드-확인-chromium/error-context.md


[1A[2K  4) [chromium] › tests/dashboard.spec.ts:73:7 › 대시보드 테스트 › 결제 통계 카드 확인 ────────────────────────────

    Error: [2mexpect([22m[31mlocator[39m[2m).[22mtoBeVisible[2m([22m[2m)[22m failed

    Locator: locator('text=결제 통계')
    Expected: visible
    Timeout: 10000ms
    Error: element(s) not found

    Call log:
    [2m  - Expect "toBeVisible" with timeout 10000ms[22m
    [2m  - waiting for locator('text=결제 통계')[22m


      86 |     
      87 |     // 결제 통계 섹션 확인
    > 88 |     await expect(page.locator('text=결제 통계')).toBeVisible({ timeout: 10000 });
         |                                              ^
      89 |     
      90 |     // 총 수입 카드
      91 |     await expect(page.locator('text=총 수입')).toBeVisible();
        at /Users/prowhale/MASLABS/go2.singsinggolf.kr/tests/dashboard.spec.ts:88:46

    attachment #1: screenshot (image/png) ──────────────────────────────────────────────────────────
    test-results/dashboard-대시보드-테스트-결제-통계-카드-확인-chromium/test-failed-1.png
    ────────────────────────────────────────────────────────────────────────────────────────────────

    Error Context: test-results/dashboard-대시보드-테스트-결제-통계-카드-확인-chromium/error-context.md


[1A[2K[7/11] [chromium] › tests/dashboard.spec.ts:137:7 › 대시보드 테스트 › 새로고침 버튼 확인
[1A[2K[8/11] [chromium] › tests/dashboard.spec.ts:148:7 › 대시보드 테스트 › 카드 값이 숫자로 표시되는지 확인
[1A[2K  5) [chromium] › tests/dashboard.spec.ts:125:7 › 대시보드 테스트 › 월간/연간 전환 기능 확인 ────────────────────────

    Error: [2mexpect([22m[31mlocator[39m[2m).[22mtoBeVisible[2m([22m[2m)[22m failed

    Locator: locator('button:has-text("월간")')
    Expected: visible
    Timeout: 5000ms
    Error: element(s) not found

    Call log:
    [2m  - Expect "toBeVisible" with timeout 5000ms[22m
    [2m  - waiting for locator('button:has-text("월간")')[22m


      128 |     // 월간 버튼 확인
      129 |     const periodButton = page.locator('button:has-text("월간")');
    > 130 |     await expect(periodButton).toBeVisible();
          |                                ^
      131 |     
      132 |     // 월간 버튼 클릭하여 연간으로 전환
      133 |     await periodButton.click();
        at /Users/prowhale/MASLABS/go2.singsinggolf.kr/tests/dashboard.spec.ts:130:32

    attachment #1: screenshot (image/png) ──────────────────────────────────────────────────────────
    test-results/dashboard-대시보드-테스트-월간-연간-전환-기능-확인-chromium/test-failed-1.png
    ────────────────────────────────────────────────────────────────────────────────────────────────

    Error Context: test-results/dashboard-대시보드-테스트-월간-연간-전환-기능-확인-chromium/error-context.md


[1A[2K  6) [chromium] › tests/dashboard.spec.ts:115:7 › 대시보드 테스트 › 미수금 및 수금률 카드 확인 ───────────────────────

    Error: [2mexpect([22m[31mlocator[39m[2m).[22mtoBeVisible[2m([22m[2m)[22m failed

    Locator: locator('text=미수금')
    Expected: visible
    Timeout: 5000ms
    Error: element(s) not found

    Call log:
    [2m  - Expect "toBeVisible" with timeout 5000ms[22m
    [2m  - waiting for locator('text=미수금')[22m


      117 |     
      118 |     // 미수금 카드
    > 119 |     await expect(page.locator('text=미수금')).toBeVisible();
          |                                            ^
      120 |     
      121 |     // 수금률 카드
      122 |     await expect(page.locator('text=수금률')).toBeVisible();
        at /Users/prowhale/MASLABS/go2.singsinggolf.kr/tests/dashboard.spec.ts:119:44

    attachment #1: screenshot (image/png) ──────────────────────────────────────────────────────────
    test-results/dashboard-대시보드-테스트-미수금-및-수금률-카드-확인-chromium/test-failed-1.png
    ────────────────────────────────────────────────────────────────────────────────────────────────

    Error Context: test-results/dashboard-대시보드-테스트-미수금-및-수금률-카드-확인-chromium/error-context.md


[1A[2K[9/11] [chromium] › tests/dashboard.spec.ts:174:7 › 대시보드 테스트 › 결제 통계 값 확인
[1A[2K[10/11] [chromium] › tests/dashboard.spec.ts:201:7 › 대시보드 테스트 › 다가오는 투어 섹션 확인
[1A[2K  7) [chromium] › tests/dashboard.spec.ts:137:7 › 대시보드 테스트 › 새로고침 버튼 확인 ────────────────────────────

    Error: [2mexpect([22m[31mlocator[39m[2m).[22mtoBeVisible[2m([22m[2m)[22m failed

    Locator: locator('button:has-text("새로고침")')
    Expected: visible
    Timeout: 5000ms
    Error: element(s) not found

    Call log:
    [2m  - Expect "toBeVisible" with timeout 5000ms[22m
    [2m  - waiting for locator('button:has-text("새로고침")')[22m


      140 |     // 새로고침 버튼 확인
      141 |     const refreshButton = page.locator('button:has-text("새로고침")');
    > 142 |     await expect(refreshButton).toBeVisible();
          |                                 ^
      143 |     
      144 |     // 새로고침 버튼 클릭
      145 |     await refreshButton.click();
        at /Users/prowhale/MASLABS/go2.singsinggolf.kr/tests/dashboard.spec.ts:142:33

    attachment #1: screenshot (image/png) ──────────────────────────────────────────────────────────
    test-results/dashboard-대시보드-테스트-새로고침-버튼-확인-chromium/test-failed-1.png
    ────────────────────────────────────────────────────────────────────────────────────────────────

    Error Context: test-results/dashboard-대시보드-테스트-새로고침-버튼-확인-chromium/error-context.md


[1A[2K  8) [chromium] › tests/dashboard.spec.ts:201:7 › 대시보드 테스트 › 다가오는 투어 섹션 확인 ─────────────────────────

    Error: [2mexpect([22m[31mlocator[39m[2m).[22mtoBeVisible[2m([22m[2m)[22m failed

    Locator: locator('text=다가오는 투어')
    Expected: visible
    Timeout: 5000ms
    Error: element(s) not found

    Call log:
    [2m  - Expect "toBeVisible" with timeout 5000ms[22m
    [2m  - waiting for locator('text=다가오는 투어')[22m


      203 |     
      204 |     // 다가오는 투어 섹션 확인
    > 205 |     await expect(page.locator('text=다가오는 투어')).toBeVisible();
          |                                                ^
      206 |   });
      207 |
      208 |   test('빠른 작업 섹션 확인', async ({ page }) => {
        at /Users/prowhale/MASLABS/go2.singsinggolf.kr/tests/dashboard.spec.ts:205:48

    attachment #1: screenshot (image/png) ──────────────────────────────────────────────────────────
    test-results/dashboard-대시보드-테스트-다가오는-투어-섹션-확인-chromium/test-failed-1.png
    ────────────────────────────────────────────────────────────────────────────────────────────────

    Error Context: test-results/dashboard-대시보드-테스트-다가오는-투어-섹션-확인-chromium/error-context.md


[1A[2K[11/11] [chromium] › tests/dashboard.spec.ts:208:7 › 대시보드 테스트 › 빠른 작업 섹션 확인
[1A[2K  9) [chromium] › tests/dashboard.spec.ts:174:7 › 대시보드 테스트 › 결제 통계 값 확인 ────────────────────────────

    TimeoutError: page.waitForSelector: Timeout 10000ms exceeded.
    Call log:
    [2m  - waiting for locator('text=결제 통계') to be visible[22m


      176 |     
      177 |     // 페이지 로딩 대기
    > 178 |     await page.waitForSelector('text=결제 통계', { timeout: 10000 });
          |                ^
      179 |     
      180 |     // 총 수입 값 확인
      181 |     const totalRevenue = page.locator('text=총 수입').locator('..').locator('text=/\\d+원/');
        at /Users/prowhale/MASLABS/go2.singsinggolf.kr/tests/dashboard.spec.ts:178:16

    attachment #1: screenshot (image/png) ──────────────────────────────────────────────────────────
    test-results/dashboard-대시보드-테스트-결제-통계-값-확인-chromium/test-failed-1.png
    ────────────────────────────────────────────────────────────────────────────────────────────────

    Error Context: test-results/dashboard-대시보드-테스트-결제-통계-값-확인-chromium/error-context.md


[1A[2K  10) [chromium] › tests/dashboard.spec.ts:148:7 › 대시보드 테스트 › 카드 값이 숫자로 표시되는지 확인 ───────────────────

    TimeoutError: page.waitForSelector: Timeout 10000ms exceeded.
    Call log:
    [2m  - waiting for locator('text=이번 달 투어') to be visible[22m


      150 |     
      151 |     // 페이지 로딩 대기
    > 152 |     await page.waitForSelector('text=이번 달 투어', { timeout: 10000 });
          |                ^
      153 |     
      154 |     // 모든 카드의 값이 숫자 형식으로 표시되는지 확인
      155 |     const valuePatterns = [
        at /Users/prowhale/MASLABS/go2.singsinggolf.kr/tests/dashboard.spec.ts:152:16

    attachment #1: screenshot (image/png) ──────────────────────────────────────────────────────────
    test-results/dashboard-대시보드-테스트-카드-값이-숫자로-표시되는지-확인-chromium/test-failed-1.png
    ────────────────────────────────────────────────────────────────────────────────────────────────

    Error Context: test-results/dashboard-대시보드-테스트-카드-값이-숫자로-표시되는지-확인-chromium/error-context.md


[1A[2K  11) [chromium] › tests/dashboard.spec.ts:208:7 › 대시보드 테스트 › 빠른 작업 섹션 확인 ──────────────────────────

    Error: [2mexpect([22m[31mlocator[39m[2m).[22mtoBeVisible[2m([22m[2m)[22m failed

    Locator: locator('text=빠른 작업')
    Expected: visible
    Timeout: 5000ms
    Error: element(s) not found

    Call log:
    [2m  - Expect "toBeVisible" with timeout 5000ms[22m
    [2m  - waiting for locator('text=빠른 작업')[22m


      210 |     
      211 |     // 빠른 작업 섹션 확인
    > 212 |     await expect(page.locator('text=빠른 작업')).toBeVisible();
          |                                              ^
      213 |   });
      214 | });
      215 |
        at /Users/prowhale/MASLABS/go2.singsinggolf.kr/tests/dashboard.spec.ts:212:46

    attachment #1: screenshot (image/png) ──────────────────────────────────────────────────────────
    test-results/dashboard-대시보드-테스트-빠른-작업-섹션-확인-chromium/test-failed-1.png
    ────────────────────────────────────────────────────────────────────────────────────────────────

    Error Context: test-results/dashboard-대시보드-테스트-빠른-작업-섹션-확인-chromium/error-context.md


[1A[2K  11 failed
    [chromium] › tests/dashboard.spec.ts:22:7 › 대시보드 테스트 › 대시보드 주요 내용 표시 확인 ────────────────────────
    [chromium] › tests/dashboard.spec.ts:33:7 › 대시보드 테스트 › 이번 달 통계 카드 확인 ───────────────────────────
    [chromium] › tests/dashboard.spec.ts:60:7 › 대시보드 테스트 › 투어 통계 카드 확인 ─────────────────────────────
    [chromium] › tests/dashboard.spec.ts:73:7 › 대시보드 테스트 › 결제 통계 카드 확인 ─────────────────────────────
    [chromium] › tests/dashboard.spec.ts:115:7 › 대시보드 테스트 › 미수금 및 수금률 카드 확인 ────────────────────────
    [chromium] › tests/dashboard.spec.ts:125:7 › 대시보드 테스트 › 월간/연간 전환 기능 확인 ─────────────────────────
    [chromium] › tests/dashboard.spec.ts:137:7 › 대시보드 테스트 › 새로고침 버튼 확인 ─────────────────────────────
    [chromium] › tests/dashboard.spec.ts:148:7 › 대시보드 테스트 › 카드 값이 숫자로 표시되는지 확인 ─────────────────────
    [chromium] › tests/dashboard.spec.ts:174:7 › 대시보드 테스트 › 결제 통계 값 확인 ─────────────────────────────
    [chromium] › tests/dashboard.spec.ts:201:7 › 대시보드 테스트 › 다가오는 투어 섹션 확인 ──────────────────────────
    [chromium] › tests/dashboard.spec.ts:208:7 › 대시보드 테스트 › 빠른 작업 섹션 확인 ────────────────────────────

  Serving HTML report at http://localhost:51075. Press Ctrl+C to quit.
